This is pdfTeX, Version 3.141592653-2.6-1.40.25 (MiKTeX 23.4) (preloaded format=pdflatex 2026.1.14)  29 JUL 2026 18:49
entering extended mode
 restricted \write18 enabled.
 %&-line parsing enabled.
**./tii-articles-template.tex
(tii-articles-template.tex
LaTeX2e <2022-11-01> patch level 1
L3 programming layer <2023-03-30> (ieeecolor.cls

LaTeX Warning: You have requested document class `ieeecolor',
               but the document class provides `IEEEtran'.

Document Class: IEEEtran 2002/11/18 revision V1.6b by Michael Shell
-- See the "IEEEtran_HOWTO" manual for usage information.
-- The source comments contain changelog notes.
(D:\CTEX\MiKTeX\tex/latex/graphics\color.sty
Package: color 2022/01/06 v1.3d Standard LaTeX Color (DPC)

(D:\CTEX\MiKTeX\tex/latex/graphics-cfg\color.cfg
File: color.cfg 2016/01/02 v1.6 sample color configuration
)
Package color Info: Driver file: pdftex.def on input line 149.

(D:\CTEX\MiKTeX\tex/latex/graphics-def\pdftex.def
File: pdftex.def 2022/09/22 v1.2b Graphics/color driver for pdftex
)
(D:\CTEX\MiKTeX\tex/latex/graphics\mathcolor.ltx))
\@draftversionrule=\dimen140
\@IEEEtrantmpdimenA=\dimen141
\@IEEEtrantmpdimenB=\dimen142
\@IEEEtrantmpcountA=\count185
\@IEEEtrantmpcountB=\count186
\@IEEEtrantmptoksA=\toks16
LaTeX Font Info:    Trying to load font information for OT1+ptm on input line 8
34.

(D:\CTEX\MiKTeX\tex/latex/psnfss\ot1ptm.fd
File: ot1ptm.fd 2001/06/04 font definitions for OT1/ptm.
)
\@IEEEnormalsizefontbaselineskip=\skip48

-- This is a 10 point document.
\normalsizebaselineskip=\skip49
\normaljot=\skip50
LaTeX Font Info:    Font shape `OT1/ptm/bx/n' in size <5> not available
(Font)              Font shape `OT1/ptm/b/n' tried instead on input line 1180.
LaTeX Font Info:    Font shape `OT1/ptm/bx/it' in size <5> not available
(Font)              Font shape `OT1/ptm/b/it' tried instead on input line 1180.

LaTeX Font Info:    Font shape `OT1/ptm/bx/n' in size <7> not available
(Font)              Font shape `OT1/ptm/b/n' tried instead on input line 1180.
LaTeX Font Info:    Font shape `OT1/ptm/bx/it' in size <7> not available
(Font)              Font shape `OT1/ptm/b/it' tried instead on input line 1180.

LaTeX Font Info:    Font shape `OT1/ptm/bx/n' in size <8> not available
(Font)              Font shape `OT1/ptm/b/n' tried instead on input line 1180.
LaTeX Font Info:    Font shape `OT1/ptm/bx/it' in size <8> not available
(Font)              Font shape `OT1/ptm/b/it' tried instead on input line 1180.

LaTeX Font Info:    Font shape `OT1/ptm/bx/n' in size <9> not available
(Font)              Font shape `OT1/ptm/b/n' tried instead on input line 1180.
LaTeX Font Info:    Font shape `OT1/ptm/bx/it' in size <9> not available
(Font)              Font shape `OT1/ptm/b/it' tried instead on input line 1180.

LaTeX Font Info:    Font shape `OT1/ptm/bx/n' in size <10> not available
(Font)              Font shape `OT1/ptm/b/n' tried instead on input line 1180.
LaTeX Font Info:    Font shape `OT1/ptm/bx/it' in size <10> not available
(Font)              Font shape `OT1/ptm/b/it' tried instead on input line 1180.

LaTeX Font Info:    Font shape `OT1/ptm/bx/n' in size <11> not available
(Font)              Font shape `OT1/ptm/b/n' tried instead on input line 1180.
LaTeX Font Info:    Font shape `OT1/ptm/bx/it' in size <11> not available
(Font)              Font shape `OT1/ptm/b/it' tried instead on input line 1180.

LaTeX Font Info:    Font shape `OT1/ptm/bx/n' in size <12> not available
(Font)              Font shape `OT1/ptm/b/n' tried instead on input line 1180.
LaTeX Font Info:    Font shape `OT1/ptm/bx/it' in size <12> not available
(Font)              Font shape `OT1/ptm/b/it' tried instead on input line 1180.

LaTeX Font Info:    Font shape `OT1/ptm/bx/n' in size <17> not available
(Font)              Font shape `OT1/ptm/b/n' tried instead on input line 1180.
LaTeX Font Info:    Font shape `OT1/ptm/bx/it' in size <17> not available
(Font)              Font shape `OT1/ptm/b/it' tried instead on input line 1180.

LaTeX Font Info:    Font shape `OT1/ptm/bx/n' in size <20> not available
(Font)              Font shape `OT1/ptm/b/n' tried instead on input line 1180.
LaTeX Font Info:    Font shape `OT1/ptm/bx/it' in size <20> not available
(Font)              Font shape `OT1/ptm/b/it' tried instead on input line 1180.

LaTeX Font Info:    Font shape `OT1/ptm/bx/n' in size <24> not available
(Font)              Font shape `OT1/ptm/b/n' tried instead on input line 1180.
LaTeX Font Info:    Font shape `OT1/ptm/bx/it' in size <24> not available
(Font)              Font shape `OT1/ptm/b/it' tried instead on input line 1180.

\IEEEilabelindentA=\dimen143
\IEEEilabelindentB=\dimen144
\IEEEilabelindent=\dimen145
\IEEEelabelindent=\dimen146
\IEEEdlabelindent=\dimen147
\labelindent=\dimen148
\IEEEiednormlabelsep=\dimen149
\IEEEiedmathlabelsep=\dimen150
\IEEEiedtopsep=\skip51
\c@section=\count187
\c@subsection=\count188
\c@subsubsection=\count189
\c@paragraph=\count190
\c@IEEEsubequation=\count191
\abovecaptionskip=\skip52
\belowcaptionskip=\skip53
\figbox=\box51
\c@figure=\count192
\c@query=\count193
\c@qry=\count194
\c@nquery=\count195
\c@tquery=\count196
\c@equery=\count197
\c@eqry=\count198
\c@edquery=\count199
\c@etquery=\count266
\c@table=\count267
\@IEEEeqnnumcols=\count268
\@IEEEeqncolcnt=\count269
\firstpagerule=\skip54
\logowidth=\skip55
\@IEEEtmpitemindent=\dimen151
\c@biography=\count270
\c@edbiography=\count271
LaTeX Info: Redefining \sf on input line 4869.
\@IEEEtranrubishbin=\box52
) (generic.sty) (D:\CTEX\UserData\tex/latex/cite\cite.sty
LaTeX Info: Redefining \cite on input line 302.
LaTeX Info: Redefining \nocite on input line 332.
Package: cite 2015/02/27  v 5.5
)
(D:\CTEX\MiKTeX\tex/latex/amsmath\amsmath.sty
Package: amsmath 2022/04/08 v2.17n AMS math features
\@mathmargin=\skip56

For additional information on amsmath, use the `?' option.
(D:\CTEX\MiKTeX\tex/latex/amsmath\amstext.sty
Package: amstext 2021/08/26 v2.01 AMS text

(D:\CTEX\MiKTeX\tex/latex/amsmath\amsgen.sty
File: amsgen.sty 1999/11/30 v2.0 generic functions
\@emptytoks=\toks17
\ex@=\dimen152
))
(D:\CTEX\MiKTeX\tex/latex/amsmath\amsbsy.sty
Package: amsbsy 1999/11/29 v1.2d Bold Symbols
\pmbraise@=\dimen153
)
(D:\CTEX\MiKTeX\tex/latex/amsmath\amsopn.sty
Package: amsopn 2022/04/08 v2.04 operator names
)
\inf@bad=\count272
LaTeX Info: Redefining \frac on input line 234.
\uproot@=\count273
\leftroot@=\count274
LaTeX Info: Redefining \overline on input line 399.
LaTeX Info: Redefining \colon on input line 410.
\classnum@=\count275
\DOTSCASE@=\count276
LaTeX Info: Redefining \ldots on input line 496.
LaTeX Info: Redefining \dots on input line 499.
LaTeX Info: Redefining \cdots on input line 620.
\Mathstrutbox@=\box53
\strutbox@=\box54
LaTeX Info: Redefining \big on input line 722.
LaTeX Info: Redefining \Big on input line 723.
LaTeX Info: Redefining \bigg on input line 724.
LaTeX Info: Redefining \Bigg on input line 725.
\big@size=\dimen154
LaTeX Font Info:    Redeclaring font encoding OML on input line 743.
LaTeX Font Info:    Redeclaring font encoding OMS on input line 744.
\macc@depth=\count277
LaTeX Info: Redefining \bmod on input line 905.
LaTeX Info: Redefining \pmod on input line 910.
LaTeX Info: Redefining \smash on input line 940.
LaTeX Info: Redefining \relbar on input line 970.
LaTeX Info: Redefining \Relbar on input line 971.
\c@MaxMatrixCols=\count278
\dotsspace@=\muskip16
\c@parentequation=\count279
\dspbrk@lvl=\count280
\tag@help=\toks18
\row@=\count281
\column@=\count282
\maxfields@=\count283
\andhelp@=\toks19
\eqnshift@=\dimen155
\alignsep@=\dimen156
\tagshift@=\dimen157
\tagwidth@=\dimen158
\totwidth@=\dimen159
\lineht@=\dimen160
\@envbody=\toks20
\multlinegap=\skip57
\multlinetaggap=\skip58
\mathdisplay@stack=\toks21
LaTeX Info: Redefining \[ on input line 2953.
LaTeX Info: Redefining \] on input line 2954.
)
(D:\CTEX\MiKTeX\tex/latex/amsfonts\amssymb.sty
Package: amssymb 2013/01/14 v3.01 AMS font symbols

(D:\CTEX\MiKTeX\tex/latex/amsfonts\amsfonts.sty
Package: amsfonts 2013/01/14 v3.01 Basic AMSFonts support
\symAMSa=\mathgroup4
\symAMSb=\mathgroup5
LaTeX Font Info:    Redeclaring math symbol \hbar on input line 98.
LaTeX Font Info:    Overwriting math alphabet `\mathfrak' in version `bold'
(Font)                  U/euf/m/n --> U/euf/b/n on input line 106.
))
(D:\CTEX\MiKTeX\tex/latex/graphics\graphicx.sty
Package: graphicx 2021/09/16 v1.2d Enhanced LaTeX Graphics (DPC,SPQR)

(D:\CTEX\MiKTeX\tex/latex/graphics\keyval.sty
Package: keyval 2022/05/29 v1.15 key=value parser (DPC)
\KV@toks@=\toks22
)
(D:\CTEX\MiKTeX\tex/latex/graphics\graphics.sty
Package: graphics 2022/03/10 v1.4e Standard LaTeX Graphics (DPC,SPQR)

(D:\CTEX\MiKTeX\tex/latex/graphics\trig.sty
Package: trig 2021/08/11 v1.11 sin cos tan (DPC)
)
(D:\CTEX\MiKTeX\tex/latex/graphics-cfg\graphics.cfg
File: graphics.cfg 2016/06/04 v1.11 sample graphics configuration
)
Package graphics Info: Driver file: pdftex.def on input line 107.
)
\Gin@req@height=\dimen161
\Gin@req@width=\dimen162
)
(D:\CTEX\MiKTeX\tex/latex/base\textcomp.sty
Package: textcomp 2020/02/02 v2.0n Standard LaTeX package
)
(D:\CTEX\MiKTeX\tex/latex/algorithm2e\algorithm2e.sty
Package: algorithm2e 2017/07/18 v5.2 algorithms environments
\c@AlgoLine=\count284

(D:\CTEX\MiKTeX\tex/latex/base\ifthen.sty
Package: ifthen 2022/04/13 v1.1d Standard LaTeX ifthen package (DPC)
)
\algocf@hangindent=\skip59

(D:\CTEX\MiKTeX\tex/latex/ifoddpage\ifoddpage.sty
Package: ifoddpage 2022/10/18 v1.2 Conditionals for odd/even page detection
\c@checkoddpage=\count285
)
(D:\CTEX\MiKTeX\tex/latex/tools\xspace.sty
Package: xspace 2014/10/28 v1.13 Space after command names (DPC,MH)
)
(D:\CTEX\MiKTeX\tex/latex/relsize\relsize.sty
Package: relsize 2013/03/29 ver 4.1
)
\skiptotal=\skip60
\skiplinenumber=\skip61
\skiprule=\skip62
\skiphlne=\skip63
\skiptext=\skip64
\skiplength=\skip65
\algomargin=\skip66
\skipalgocfslide=\skip67
\algowidth=\dimen163
\inoutsize=\dimen164
\inoutindent=\dimen165
\interspacetitleruled=\dimen166
\interspacealgoruled=\dimen167
\interspacetitleboxruled=\dimen168
\algocf@ruledwidth=\skip68
\algocf@inoutbox=\box55
\algocf@inputbox=\box56
\AlCapSkip=\skip69
\AlCapHSkip=\skip70
\algoskipindent=\skip71
\algocf@nlbox=\box57
\algocf@hangingbox=\box58
\algocf@untilbox=\box59
\algocf@skipuntil=\skip72
\algocf@capbox=\box60
\algocf@lcaptionbox=\skip73
\algoheightruledefault=\skip74
\algoheightrule=\skip75
\algotitleheightruledefault=\skip76
\algotitleheightrule=\skip77
\c@algocfline=\count286
\c@algocfproc=\count287
\c@algocf=\count288
\algocf@algoframe=\box61
\algocf@algobox=\box62
)
(D:\CTEX\MiKTeX\tex/latex/tools\array.sty
Package: array 2022/09/04 v2.5g Tabular extension package (FMi)
\col@sep=\dimen169
\ar@mcellbox=\box63
\extrarowheight=\dimen170
\NC@list=\toks23
\extratabsurround=\skip78
\backup@length=\skip79
\ar@cellbox=\box64
)
(D:\CTEX\MiKTeX\tex/latex/subfig\subfig.sty
Package: subfig 2005/06/28 ver: 1.3 subfig package


Package subfig Warning: Your document class has a bad definition
 of \endfigure, most likely
 \let\endfigure=\end@float
 which has now been changed to
 \def\endfigure{\end@float}
 because otherwise subsequent changes to \end@float
 (like done by several packages changing float behaviour)
 can't take effect on \endfigure.
 Please complain to your document class author.


Package subfig Warning: Your document class has a bad definition
 of \endtable, most likely
 \let\endtable=\end@float
 which has now been changed to
 \def\endtable{\end@float}
 because otherwise subsequent changes to \end@float
 (like done by several packages changing float behaviour)
 can't take effect on \endtable.
 Please complain to your document class author.

(D:\CTEX\MiKTeX\tex/latex/caption\caption3.sty
Package: caption3 2023/03/12 v2.4 caption3 kernel (AR)
\caption@tempdima=\dimen171
\captionmargin=\dimen172
\caption@leftmargin=\dimen173
\caption@rightmargin=\dimen174
\caption@width=\dimen175
\caption@indent=\dimen176
\caption@parindent=\dimen177
\caption@hangindent=\dimen178
Package caption Info: Unknown document class (or package),
(caption)             standard defaults will be used.
Package caption Info: \@makecaption = \long macro:#1#2->\fontencoding {T1} \fon
tfamily {phv} \fontseries {m} \fontshape {n} \fontsize {8}{10} \selectfont \scs
hape \ifx \@captype \@IEEEtablestring \@IEEEtablecaptionsabspace \begin {center
} \if@myimage \ifdim \width > 255pt {\strut #1\color {black}}\\ {\footnotesize 
\scshape \if \boldmath #2\color {black}\null \else \strut \stupiddouble {\boldm
ath #2\color {black}\normalcolor }\fi } \else {\strut #1\color {black}}\\ {\foo
tnotesize \scshape \if \boldmath #2\color {black}\null \else \strut \stupidsing
le {\boldmath #2\color {black}\normalcolor }\fi } \fi \else \ifdim \width > 255
pt {\strut #1}\\ {\footnotesize \scshape \if \boldmath #2\null \else \strut \st
upiddouble {\boldmath #2\color {black}}\fi } \else {\strut #1}\\ {\if \boldmath
 #2\null \else \strut \stupidsingle {\boldmath #2\color {black}}\fi } \fi \fi \
end {center}\@IEEEtablecaptionsbespace \else \@IEEEfigurecaptionsepspace \setbo
x \@tempboxa \hbox {\footnotesize #1.\color {black}\normalcolor ~~\sf \boldmath
 #2}\ifdim \wd \@tempboxa >\hsize \setbox \@tempboxa \hbox {\footnotesize #1.\c
olor {black}\normalcolor ~~ }\parbox [t]{\hsize }{\footnotesize \noindent \unhb
ox \@tempboxa \sf \boldmath #2}\else \ifcenterfigcaptions \hbox to\hsize {\foot
notesize \hfil \box \@tempboxa \hfil }\else \hbox to\hsize {\footnotesize \box 
\@tempboxa \hfil }\fi \fi \fi \color {black} on input line 1176.
)
\c@KVtest=\count289
\sf@farskip=\skip80
\sf@captopadj=\dimen179
\sf@capskip=\skip81
\sf@nearskip=\skip82
\c@subfigure=\count290
\c@subfigure@save=\count291
\c@lofdepth=\count292
\c@subtable=\count293
\c@subtable@save=\count294
\c@lotdepth=\count295
\sf@top=\skip83
\sf@bottom=\skip84
)
(D:\CTEX\MiKTeX\tex/latex/sttools\stfloats.sty
Package: stfloats 2025/06/18 v3.4 Improve float mechanism and baselineskip sett
ings
\@dblbotnum=\count296
\c@dblbotnumber=\count297
)
(D:\CTEX\MiKTeX\tex/latex/url\url.sty
\Urlmuskip=\muskip17
Package: url 2013/09/16  ver 3.4  Verb mode for urls, etc.
)
(D:\CTEX\MiKTeX\tex/latex/tools\verbatim.sty
Package: verbatim 2022-07-02 v1.5u LaTeX2e package for verbatim enhancements
\every@verbatim=\toks24
\verbatim@line=\toks25
\verbatim@in@stream=\read2
)
(D:\CTEX\MiKTeX\tex/latex/booktabs\booktabs.sty
Package: booktabs 2020/01/12 v1.61803398 Publication quality tables
\heavyrulewidth=\dimen180
\lightrulewidth=\dimen181
\cmidrulewidth=\dimen182
\belowrulesep=\dimen183
\belowbottomsep=\dimen184
\aboverulesep=\dimen185
\abovetopsep=\dimen186
\cmidrulesep=\dimen187
\cmidrulekern=\dimen188
\defaultaddspace=\dimen189
\@cmidla=\count298
\@cmidlb=\count299
\@aboverulesep=\dimen190
\@belowrulesep=\dimen191
\@thisruleclass=\count300
\@lastruleclass=\count301
\@thisrulewidth=\dimen192
)
(D:\CTEX\MiKTeX\tex/latex/multirow\multirow.sty
Package: multirow 2021/03/15 v2.8 Span multiple rows of a table
\multirow@colwidth=\skip85
\multirow@cntb=\count302
\multirow@dima=\skip86
\bigstrutjot=\dimen193
)
(D:\CTEX\MiKTeX\tex/latex/xcolor\xcolor.sty
Package: xcolor 2022/06/12 v2.14 LaTeX color extensions (UK)

(D:\CTEX\MiKTeX\tex/latex/graphics-cfg\color.cfg
File: color.cfg 2016/01/02 v1.6 sample color configuration
)
Package xcolor Info: Driver file: pdftex.def on input line 227.
LaTeX Info: Redefining \color on input line 711.

(D:\CTEX\MiKTeX\tex/latex/graphics\mathcolor.ltx)
Package xcolor Info: Model `cmy' substituted by `cmy0' on input line 1353.
Package xcolor Info: Model `hsb' substituted by `rgb' on input line 1357.
Package xcolor Info: Model `RGB' extended on input line 1369.
Package xcolor Info: Model `HTML' substituted by `rgb' on input line 1371.
Package xcolor Info: Model `Hsb' substituted by `hsb' on input line 1372.
Package xcolor Info: Model `tHsb' substituted by `hsb' on input line 1373.
Package xcolor Info: Model `HSB' substituted by `hsb' on input line 1374.
Package xcolor Info: Model `Gray' substituted by `gray' on input line 1375.
Package xcolor Info: Model `wave' substituted by `hsb' on input line 1376.
)
(D:\CTEX\MiKTeX\tex/latex/mathtools\mathtools.sty
Package: mathtools 2022/06/29 v1.29 mathematical typesetting tools

(D:\CTEX\MiKTeX\tex/latex/tools\calc.sty
Package: calc 2017/05/25 v4.3 Infix arithmetic (KKT,FJ)
\calc@Acount=\count303
\calc@Bcount=\count304
\calc@Adimen=\dimen194
\calc@Bdimen=\dimen195
\calc@Askip=\skip87
\calc@Bskip=\skip88
LaTeX Info: Redefining \setlength on input line 80.
LaTeX Info: Redefining \addtolength on input line 81.
\calc@Ccount=\count305
\calc@Cskip=\skip89
)
(D:\CTEX\MiKTeX\tex/latex/mathtools\mhsetup.sty
Package: mhsetup 2021/03/18 v1.4 programming setup (MH)
)
\g_MT_multlinerow_int=\count306
\l_MT_multwidth_dim=\dimen196
\origjot=\skip90
\l_MT_shortvdotswithinadjustabove_dim=\dimen197
\l_MT_shortvdotswithinadjustbelow_dim=\dimen198
\l_MT_above_intertext_sep=\dimen199
\l_MT_below_intertext_sep=\dimen256
\l_MT_above_shortintertext_sep=\dimen257
\l_MT_below_shortintertext_sep=\dimen258
\xmathstrut@box=\box65
\xmathstrut@dim=\dimen259
)
(D:\CTEX\MiKTeX\tex/latex/tools\bm.sty
Package: bm 2022/01/05 v1.2f Bold Symbol Support (DPC/FMi)
\symboldoperators=\mathgroup6
\symboldletters=\mathgroup7
\symboldsymbols=\mathgroup8
Package bm Info: No bold for \OMX/cmex/m/n, using \pmb.
Package bm Info: No bold for \U/msa/m/n, using \pmb.
Package bm Info: No bold for \U/msb/m/n, using \pmb.
LaTeX Font Info:    Redeclaring math alphabet \mathbf on input line 149.
)
(D:\CTEX\MiKTeX\tex/latex/l3backend\l3backend-pdftex.def
File: l3backend-pdftex.def 2023-03-30 L3 backend support: PDF output (pdfTeX)
\l__color_backend_stack_int=\count307
\l__pdf_internal_box=\box66
)
(tii-articles-template.aux)
\openout1 = `tii-articles-template.aux'.

LaTeX Font Info:    Checking defaults for OML/cmm/m/it on input line 31.
LaTeX Font Info:    ... okay on input line 31.
LaTeX Font Info:    Checking defaults for OMS/cmsy/m/n on input line 31.
LaTeX Font Info:    ... okay on input line 31.
LaTeX Font Info:    Checking defaults for OT1/cmr/m/n on input line 31.
LaTeX Font Info:    ... okay on input line 31.
LaTeX Font Info:    Checking defaults for T1/cmr/m/n on input line 31.
LaTeX Font Info:    ... okay on input line 31.
LaTeX Font Info:    Checking defaults for TS1/cmr/m/n on input line 31.
LaTeX Font Info:    ... okay on input line 31.
LaTeX Font Info:    Checking defaults for OMX/cmex/m/n on input line 31.
LaTeX Font Info:    ... okay on input line 31.
LaTeX Font Info:    Checking defaults for U/cmr/m/n on input line 31.
LaTeX Font Info:    ... okay on input line 31.
 (D:\CTEX\MiKTeX\tex/context/base/mkii\supp-pdf.mkii
[Loading MPS to PDF converter (version 2006.09.02).]
\scratchcounter=\count308
\scratchdimen=\dimen260
\scratchbox=\box67
\nofMPsegments=\count309
\nofMParguments=\count310
\everyMPshowfont=\toks26
\MPscratchCnt=\count311
\MPscratchDim=\dimen261
\MPnumerator=\count312
\makeMPintoPDFobject=\count313
\everyMPtoPDFconversion=\toks27
) (D:\CTEX\MiKTeX\tex/latex/epstopdf-pkg\epstopdf-base.sty
Package: epstopdf-base 2020-01-24 v2.11 Base part for package epstopdf
Package epstopdf-base Info: Redefining graphics rule for `.eps' on input line 4
85.

(D:\CTEX\MiKTeX\tex/latex/00miktex\epstopdf-sys.cfg
File: epstopdf-sys.cfg 2021/03/18 v2.0 Configuration of epstopdf for MiKTeX
))
Package caption Info: Begin \AtBeginDocument code.
Package caption Info: subfig package v1.3 is loaded.
Package caption Info: End \AtBeginDocument code.
LaTeX Font Info:    Trying to load font information for OT1+phv on input line 5
4.

(D:\CTEX\MiKTeX\tex/latex/psnfss\ot1phv.fd
File: ot1phv.fd 2020/03/25 scalable font definitions for OT1/phv.
)

LaTeX Warning: No \author given.


LaTeX Warning: No \author given.


Package xcolor Warning: Incompatible color definition on input line 57.

LaTeX Font Info:    Font shape `OT1/phv/b/it' in size <9> not available
(Font)              Font shape `OT1/phv/b/sl' tried instead on input line 57.
LaTeX Font Info:    Trying to load font information for U+msa on input line 58.

(D:\CTEX\MiKTeX\tex/latex/amsfonts\umsa.fd
File: umsa.fd 2013/01/14 v3.01 AMS symbols A
)
LaTeX Font Info:    Trying to load font information for U+msb on input line 58.


(D:\CTEX\MiKTeX\tex/latex/amsfonts\umsb.fd
File: umsb.fd 2013/01/14 v3.01 AMS symbols B
)
Underfull \hbox (badness 10000) in paragraph at lines 57--59
[]\OT1/phv/b/sl/9 Abstract\OT1/phv/b/n/9 ---[]The pro-lif-er-a-tion of dual-ske
wed non-
 []


Underfull \hbox (badness 3428) in paragraph at lines 57--59
\OT1/phv/b/n/9 independent and iden-ti-cally dis-tributed (non-IID) data
 []


Underfull \hbox (badness 3471) in paragraph at lines 57--59
\OT1/phv/b/n/9 by het-ero-ge-neous la-bel dis-tri-bu-tions and im-bal-anced
 []


Underfull \hbox (badness 7451) in paragraph at lines 57--59
\OT1/phv/b/n/9 sam-ple sizes|severely de-grades the ro-bust-ness of
 []


Underfull \hbox (badness 5802) in paragraph at lines 57--59
\OT1/phv/b/n/9 con-ven-tional fed-er-ated learn-ing (FL) frame-works. To
 []


Underfull \hbox (badness 4608) in paragraph at lines 57--59
\OT1/phv/b/n/9 novel met-ric, Jensen-Shannon Di-ver-gence and Skew
 []


Underfull \hbox (badness 1389) in paragraph at lines 57--59
\OT1/phv/b/n/9 max-i-mized dis-tri-bu-tion dis-sim-i-lar-i-ties. Con-cur-rently
, we
 []


Underfull \hbox (badness 5274) in paragraph at lines 57--59
\OT1/phv/b/n/9 on bench-mark datasets (CIFAR-10/100, Tiny-Im-a-geNet,
 []


Package xcolor Warning: Incompatible color definition on input line 64.


Package xcolor Warning: Incompatible color definition on input line 68.

LaTeX Font Info:    Trying to load font information for T1+phv on input line 68
.
(D:\CTEX\MiKTeX\tex/latex/psnfss\t1phv.fd
File: t1phv.fd 2020/03/25 scalable font definitions for T1/phv.
)
<IOT-system-new (1).pdf, id=1, 1068.08386pt x 765.7465pt>
File: IOT-system-new (1).pdf Graphic file (type pdf)
<use IOT-system-new (1).pdf>
Package pdftex.def Info: IOT-system-new (1).pdf  used on input line 75.
(pdftex.def)             Requested size: 252.0pt x 180.6632pt.


Package xcolor Warning: Incompatible color definition on input line 76.


Package xcolor Warning: Incompatible color definition on input line 76.


LaTeX Warning: `h' float specifier changed to `ht'.

Package epstopdf Info: Source file: <TII.eps>
(epstopdf)                    date: 2026-01-27 02:50:12
(epstopdf)                    size: 635470 bytes
(epstopdf)             Output file: <TII-eps-converted-to.pdf>
(epstopdf)                    date: 2026-07-29 18:29:42
(epstopdf)                    size: 21054 bytes
(epstopdf)             Command: <miktex-epstopdf --outfile=TII-eps-converted-to
.pdf TII.eps>
(epstopdf)             \includegraphics on input line 87.
Package epstopdf Info: Output file is already uptodate.


pdfTeX warning: pdflatex.exe (file ./TII-eps-converted-to.pdf): PDF inclusion: 
found PDF version <1.7>, but at most version <1.5> allowed
<TII-eps-converted-to.pdf, id=2, 40.15pt x 34.1275pt>
File: TII-eps-converted-to.pdf Graphic file (type pdf)
<use TII-eps-converted-to.pdf>
Package pdftex.def Info: TII-eps-converted-to.pdf  used on input line 87.
(pdftex.def)             Requested size: 36.0pt x 30.60092pt.

Package xcolor Warning: Incompatible color definition on input line 87.


Overfull \hbox (259.0pt too wide) has occurred while \output is active
[][] 
 []


Underfull \hbox (badness 10000) has occurred while \output is active
[]
 []


Overfull \vbox (26.60092pt too high) has occurred while \output is active []


[1{D:/CTEX/UserData/fonts/map/pdftex/pdftex.map{Unicode.sfd}{UGBK.sfd}}{D:/CTEX
/MiKTeX/fonts/enc/dvips/base/8r.enc}




pdfTeX warning: pdflatex.exe: pop empty color page stack 0


pdfTeX warning: pdflatex.exe: pop empty color page stack 0


pdfTeX warning: pdflatex.exe: pop empty color page stack 0


pdfTeX warning: pdflatex.exe: pop empty color page stack 0
 <./TII-eps-converted-to.pdf> <./IOT-system-new (1).pdf>]
Underfull \hbox (badness 1540) in paragraph at lines 100--101
[][]\OT1/ptm/b/n/10 Unified Het-ero-gene-ity Quan-tifi-ca-tion Met-ric:[] \OT1/
ptm/m/n/10 The
 []


Package xcolor Warning: Incompatible color definition on input line 115.


Package xcolor Warning: Incompatible color definition on input line 117.

LaTeX Font Info:    Font shape `OT1/phv/m/it' in size <10> not available
(Font)              Font shape `OT1/phv/m/sl' tried instead on input line 117.

Package xcolor Warning: Incompatible color definition on input line 130.


Package xcolor Warning: Incompatible color definition on input line 152.


Overfull \vbox (5.0pt too high) has occurred while \output is active []

 [2]

Package xcolor Warning: Incompatible color definition on input line 163.


Package xcolor Warning: Incompatible color definition on input line 164.


Package xcolor Warning: Incompatible color definition on input line 190.


Package xcolor Warning: Incompatible color definition on input line 227.


Package xcolor Warning: Incompatible color definition on input line 228.

LaTeX Font Info:    Font shape `OT1/phv/m/it' in size <7> not available
(Font)              Font shape `OT1/phv/m/sl' tried instead on input line 231.

Package xcolor Warning: Incompatible color definition on input line 231.


Overfull \vbox (5.0pt too high) has occurred while \output is active []

 [3]
<accuracy_vs_communication_rounds.pdf, id=38, 722.7pt x 433.62pt>
File: accuracy_vs_communication_rounds.pdf Graphic file (type pdf)
<use accuracy_vs_communication_rounds.pdf>
Package pdftex.def Info: accuracy_vs_communication_rounds.pdf  used on input li
ne 237.
(pdftex.def)             Requested size: 252.0pt x 151.20026pt.


Package xcolor Warning: Incompatible color definition on input line 238.


Package xcolor Warning: Incompatible color definition on input line 238.


Package xcolor Warning: Incompatible color definition on input line 247.


Package xcolor Warning: Incompatible color definition on input line 254.

<demension.pdf, id=39, 578.16pt x 361.35pt>
File: demension.pdf Graphic file (type pdf)
<use demension.pdf>
Package pdftex.def Info: demension.pdf  used on input line 260.
(pdftex.def)             Requested size: 252.0pt x 157.50026pt.

Package xcolor Warning: Incompatible color definition on input line 261.


Package xcolor Warning: Incompatible color definition on input line 261.


LaTeX Warning: `h' float specifier changed to `ht'.


Package xcolor Warning: Incompatible color definition on input line 268.


Package xcolor Warning: Incompatible color definition on input line 277.


Package xcolor Warning: Incompatible color definition on input line 278.


Package xcolor Warning: Incompatible color definition on input line 295.


Overfull \vbox (5.0pt too high) has occurred while \output is active []

 [4

pdfTeX warning: pdflatex.exe: pop empty color page stack 0


pdfTeX warning: pdflatex.exe: pop empty color page stack 0


pdfTeX warning: pdflatex.exe: pop empty color page stack 0


pdfTeX warning: pdflatex.exe: pop empty color page stack 0


pdfTeX warning: pdflatex.exe: pop empty color page stack 0


pdfTeX warning: pdflatex.exe: pop empty color page stack 0
 <./accuracy_vs_communication_rounds.pdf> <./demension.pdf>]

Package xcolor Warning: Incompatible color definition on input line 307.


Package xcolor Warning: Incompatible color definition on input line 310.

LaTeX Font Info:    Font shape `OT1/phv/m/it' in size <9> not available
(Font)              Font shape `OT1/phv/m/sl' tried instead on input line 310.

Package xcolor Warning: Incompatible color definition on input line 370.


Package xcolor Warning: Incompatible color definition on input line 453.



pdfTeX warning: pdflatex.exe (file ./FCPC.drawio (2).drawio.pdf): PDF inclusion
: found PDF version <1.7>, but at most version <1.5> allowed
<FCPC.drawio (2).drawio.pdf, id=117, 549.01106pt x 262.0992pt>
File: FCPC.drawio (2).drawio.pdf Graphic file (type pdf)
<use FCPC.drawio (2).drawio.pdf>
Package pdftex.def Info: FCPC.drawio (2).drawio.pdf  used on input line 457.
(pdftex.def)             Requested size: 412.80157pt x 197.0738pt.

Package xcolor Warning: Incompatible color definition on input line 458.


Package xcolor Warning: Incompatible color definition on input line 458.


Package xcolor Warning: Incompatible color definition on input line 464.


Overfull \vbox (5.0pt too high) has occurred while \output is active []

 [5]

Package xcolor Warning: Incompatible color definition on input line 515.


Package xcolor Warning: Incompatible color definition on input line 517.


Package xcolor Warning: Incompatible color definition on input line 519.


Overfull \vbox (5.0pt too high) has occurred while \output is active []

 [6

pdfTeX warning: pdflatex.exe: pop empty color page stack 0


pdfTeX warning: pdflatex.exe: pop empty color page stack 0


pdfTeX warning: pdflatex.exe: pop empty color page stack 0
 <./FCPC.drawio (2).drawio.pdf>]

Package xcolor Warning: Incompatible color definition on input line 573.

\width=\dimen262

Package xcolor Warning: Incompatible color definition on input line 583.


Package xcolor Warning: Incompatible color definition on input line 610.

\width=\dimen263

Package xcolor Warning: Incompatible color definition on input line 621.


Package xcolor Warning: Incompatible color definition on input line 647.


Package xcolor Warning: Incompatible color definition on input line 660.


Overfull \vbox (5.0pt too high) has occurred while \output is active []

 [7]
\width=\dimen264


Package xcolor Warning: Incompatible color definition on input line 664.

\width=\dimen265

Package xcolor Warning: Incompatible color definition on input line 725.


Package xcolor Warning: Incompatible color definition on input line 757.

<ablation_study_lambda3.pdf, id=173, 623.0487pt x 335.9269pt>
File: ablation_study_lambda3.pdf Graphic file (type pdf)
<use ablation_study_lambda3.pdf>
Package pdftex.def Info: ablation_study_lambda3.pdf  used on input line 773.
(pdftex.def)             Requested size: 252.0pt x 135.86511pt.

Package xcolor Warning: Incompatible color definition on input line 773.


Package xcolor Warning: Incompatible color definition on input line 773.

<CIFAR10_all_in_one_row.pdf, id=174, 1156.32pt x 289.08pt>
File: CIFAR10_all_in_one_row.pdf Graphic file (type pdf)
<use CIFAR10_all_in_one_row.pdf>
Package pdftex.def Info: CIFAR10_all_in_one_row.pdf  used on input line 779.
(pdftex.def)             Requested size: 464.39685pt x 116.0975pt.

Package xcolor Warning: Incompatible color definition on input line 780.


Package xcolor Warning: Incompatible color definition on input line 780.

\width=\dimen266

Package xcolor Warning: Incompatible color definition on input line 798.


Package xcolor Warning: Incompatible color definition on input line 822.


Overfull \vbox (5.0pt too high) has occurred while \output is active []

 [8

pdfTeX warning: pdflatex.exe: pop empty color page stack 0


pdfTeX warning: pdflatex.exe: pop empty color page stack 0
 <./ablation_study_lambda3.pdf>]

Package xcolor Warning: Incompatible color definition on input line 824.

<IoT2 (1).pdf, id=228, 843.4799pt x 611.37767pt>
File: IoT2 (1).pdf Graphic file (type pdf)
<use IoT2 (1).pdf>
Package pdftex.def Info: IoT2 (1).pdf  used on input line 830.
(pdftex.def)             Requested size: 252.0pt x 182.64975pt.

Package xcolor Warning: Incompatible color definition on input line 831.


Package xcolor Warning: Incompatible color definition on input line 831.



pdfTeX warning: pdflatex.exe (file ./IoT-revise.pdf): PDF inclusion: found PDF 
version <1.7>, but at most version <1.5> allowed
<IoT-revise.pdf, id=229, 420.61137pt x 197.7789pt>
File: IoT-revise.pdf Graphic file (type pdf)
<use IoT-revise.pdf>
Package pdftex.def Info: IoT-revise.pdf  used on input line 843.
(pdftex.def)             Requested size: 252.0pt x 118.49321pt.

Package xcolor Warning: Incompatible color definition on input line 843.


Package xcolor Warning: Incompatible color definition on input line 843.


LaTeX Warning: `h' float specifier changed to `ht'.


Package xcolor Warning: Incompatible color definition on input line 858.


Package xcolor Warning: Incompatible color definition on input line 860.


Overfull \vbox (5.0pt too high) has occurred while \output is active []

 [9

pdfTeX warning: pdflatex.exe: pop empty color page stack 0


pdfTeX warning: pdflatex.exe: pop empty color page stack 0


pdfTeX warning: pdflatex.exe: pop empty color page stack 0


pdfTeX warning: pdflatex.exe: pop empty color page stack 0


pdfTeX warning: pdflatex.exe: pop empty color page stack 0


pdfTeX warning: pdflatex.exe: pop empty color page stack 0


pdfTeX warning: pdflatex.exe: pop empty color page stack 0


pdfTeX warning: pdflatex.exe: pop empty color page stack 0


pdfTeX warning: pdflatex.exe: pop empty color page stack 0
 <./CIFAR10_all_in_one_row.pdf> <./IoT2 (1).pdf> <./IoT-revise.pdf>]
(tii-articles-template.bbl

Package xcolor Warning: Incompatible color definition on input line 2.

)

Package xcolor Warning: Incompatible color definition on input line 870.


Overfull \vbox (5.0pt too high) has occurred while \output is active []

 [10]
(tii-articles-template.aux) ) 
Here is how much of TeX's memory you used:
 7466 strings out of 476331
 121834 string characters out of 5801898
 1880660 words of memory out of 5000000
 27748 multiletter control sequences out of 15000+600000
 590782 words of font info for 164 fonts, out of 8000000 for 9000
 1141 hyphenation exceptions out of 8191
 57i,19n,64p,1732b,538s stack positions out of 10000i,1000n,20000p,200000b,200000s
<D:/CTEX/MiKTeX/fonts/type1/public/amsfonts/cmextr
a/cmbsy8.pfb><D:/CTEX/MiKTeX/fonts/type1/public/amsfonts/cm/cmbx10.pfb><D:/CTEX
/MiKTeX/fonts/type1/public/amsfonts/cm/cmbx8.pfb><D:/CTEX/MiKTeX/fonts/type1/pu
blic/amsfonts/cm/cmex10.pfb><D:/CTEX/MiKTeX/fonts/type1/public/amsfonts/cm/cmmi
10.pfb><D:/CTEX/MiKTeX/fonts/type1/public/amsfonts/cm/cmmi5.pfb><D:/CTEX/MiKTeX
/fonts/type1/public/amsfonts/cm/cmmi7.pfb><D:/CTEX/MiKTeX/fonts/type1/public/am
sfonts/cm/cmmi8.pfb><D:/CTEX/MiKTeX/fonts/type1/public/amsfonts/cm/cmmi9.pfb><D
:/CTEX/MiKTeX/fonts/type1/public/amsfonts/cmextra/cmmib8.pfb><D:/CTEX/MiKTeX/fo
nts/type1/public/amsfonts/cm/cmr10.pfb><D:/CTEX/MiKTeX/fonts/type1/public/amsfo
nts/cm/cmr7.pfb><D:/CTEX/MiKTeX/fonts/type1/public/amsfonts/cm/cmr8.pfb><D:/CTE
X/MiKTeX/fonts/type1/public/amsfonts/cm/cmr9.pfb><D:/CTEX/MiKTeX/fonts/type1/pu
blic/amsfonts/cm/cmss9.pfb><D:/CTEX/MiKTeX/fonts/type1/public/amsfonts/cm/cmsy1
0.pfb><D:/CTEX/MiKTeX/fonts/type1/public/amsfonts/cm/cmsy5.pfb><D:/CTEX/MiKTeX/
fonts/type1/public/amsfonts/cm/cmsy7.pfb><D:/CTEX/MiKTeX/fonts/type1/public/ams
fonts/symbols/msbm10.pfb><D:/CTEX/MiKTeX/fonts/type1/urw/helvetic/uhvb8a.pfb><D
:/CTEX/MiKTeX/fonts/type1/urw/helvetic/uhvbo8a.pfb><D:/CTEX/MiKTeX/fonts/type1/
urw/helvetic/uhvr8a.pfb><D:/CTEX/MiKTeX/fonts/type1/urw/helvetic/uhvro8a.pfb><D
:/CTEX/MiKTeX/fonts/type1/urw/times/utmb8a.pfb><D:/CTEX/MiKTeX/fonts/type1/urw/
times/utmr8a.pfb><D:/CTEX/MiKTeX/fonts/type1/urw/times/utmri8a.pfb>
Output written on tii-articles-template.pdf (10 pages, 1794075 bytes).
PDF statistics:
 441 PDF objects out of 1000 (max. 8388607)
 0 named destinations out of 1000 (max. 500000)
 46 words of extra memory for PDF output out of 10000 (max. 10000000)

